npm notice run mobile@1.0.0 npx
npm notice run expo start --port 8081
Starting project at C:\FAZI\aifazi.net-main\apps\mobile
Logs: C:\FAZI\aifazi.net-main\apps\mobile\.expo\dev\logs\start.log
Starting Metro Bundler

Waiting on http://localhost:8081

An update for expo is available: 57.0.11 → ~57.0.14
12 other packages may need updating. Run npx expo install --check for details.
Logs for your project will appear below.
Android Bundled 22593ms node_modules\expo-router\entry.js (1911 modules)
 ERROR  Style property 'top' is not supported by native animated module 

Code: motion.tsx
[0m [90m 41 |[39m       ])[33m,[39m
 [90m 42 |[39m     )
[31m[1m>[22m[39m[90m 43 |[39m     d[33m.[39mstart()[33m;[39m s[33m.[39mstart()[33m;[39m o1[33m.[39mstart()[33m;[39m o2[33m.[39mstart()[33m;[39m o3[33m.[39mstart()
 [90m    |[39m                       [31m[1m^[22m[39m
 [90m 44 |[39m     [36mreturn[39m () [33m=>[39m { d[33m.[39mstop()[33m;[39m s[33m.[39mstop()[33m;[39m o1[33m.[39mstop()[33m;[39m o2[33m.[39mstop()[33m;[39m o3[33m.[39mstop() }
 [90m 45 |[39m   }[33m,[39m [drift[33m,[39m scan[33m,[39m orb1[33m,[39m orb2[33m,[39m orb3])
 [90m 46 |[39m[0m
Call Stack
  useEffect$argument_0 (src\components\motion.tsx:43:23) 

Code: _layout.tsx
[0m [90m 105 |[39m   [36mreturn[39m (
 [90m 106 |[39m     [33m<[39m[33m>[39m
[31m[1m>[22m[39m[90m 107 |[39m       [33m<[39m[33mAmbientBackground[39m [33m/[39m[33m>[39m
 [90m     |[39m       [31m[1m^[22m[39m
 [90m 108 |[39m       [33m<[39m[33mStack[39m
 [90m 109 |[39m         screenOptions[33m=[39m{{
 [90m 110 |[39m           headerShown[33m:[39m [36mfalse[39m[33m,[39m[0m
Call Stack
  RootNav (app\_layout.tsx:107:7)
  RootLayout (app\_layout.tsx:137:13)
 ERROR  Style property 'left' is not supported by native animated module 

Code: motion.tsx
[0m [90m 41 |[39m       ])[33m,[39m
 [90m 42 |[39m     )
[31m[1m>[22m[39m[90m 43 |[39m     d[33m.[39mstart()[33m;[39m s[33m.[39mstart()[33m;[39m o1[33m.[39mstart()[33m;[39m o2[33m.[39mstart()[33m;[39m o3[33m.[39mstart()
 [90m    |[39m                                   [31m[1m^[22m[39m
 [90m 44 |[39m     [36mreturn[39m () [33m=>[39m { d[33m.[39mstop()[33m;[39m s[33m.[39mstop()[33m;[39m o1[33m.[39mstop()[33m;[39m o2[33m.[39mstop()[33m;[39m o3[33m.[39mstop() }
 [90m 45 |[39m   }[33m,[39m [drift[33m,[39m scan[33m,[39m orb1[33m,[39m orb2[33m,[39m orb3])
 [90m 46 |[39m[0m
Call Stack
  useEffect$argument_0 (src\components\motion.tsx:43:35) 

Code: _layout.tsx
[0m [90m 105 |[39m   [36mreturn[39m (
 [90m 106 |[39m     [33m<[39m[33m>[39m
[31m[1m>[22m[39m[90m 107 |[39m       [33m<[39m[33mAmbientBackground[39m [33m/[39m[33m>[39m
 [90m     |[39m       [31m[1m^[22m[39m
 [90m 108 |[39m       [33m<[39m[33mStack[39m
 [90m 109 |[39m         screenOptions[33m=[39m{{
 [90m 110 |[39m           headerShown[33m:[39m [36mfalse[39m[33m,[39m[0m
Call Stack
  RootNav (app\_layout.tsx:107:7)
  RootLayout (app\_layout.tsx:137:13)
 ERROR  Style property 'top' is not supported by native animated module 

Code: motion.tsx
[0m [90m 41 |[39m       ])[33m,[39m
 [90m 42 |[39m     )
[31m[1m>[22m[39m[90m 43 |[39m     d[33m.[39mstart()[33m;[39m s[33m.[39mstart()[33m;[39m o1[33m.[39mstart()[33m;[39m o2[33m.[39mstart()[33m;[39m o3[33m.[39mstart()
 [90m    |[39m                                   [31m[1m^[22m[39m
 [90m 44 |[39m     [36mreturn[39m () [33m=>[39m { d[33m.[39mstop()[33m;[39m s[33m.[39mstop()[33m;[39m o1[33m.[39mstop()[33m;[39m o2[33m.[39mstop()[33m;[39m o3[33m.[39mstop() }
 [90m 45 |[39m   }[33m,[39m [drift[33m,[39m scan[33m,[39m orb1[33m,[39m orb2[33m,[39m orb3])
 [90m 46 |[39m[0m
Call Stack
  useEffect$argument_0 (src\components\motion.tsx:43:35) 

Code: _layout.tsx
[0m [90m 105 |[39m   [36mreturn[39m (
 [90m 106 |[39m     [33m<[39m[33m>[39m
[31m[1m>[22m[39m[90m 107 |[39m       [33m<[39m[33mAmbientBackground[39m [33m/[39m[33m>[39m
 [90m     |[39m       [31m[1m^[22m[39m
 [90m 108 |[39m       [33m<[39m[33mStack[39m
 [90m 109 |[39m         screenOptions[33m=[39m{{
 [90m 110 |[39m           headerShown[33m:[39m [36mfalse[39m[33m,[39m[0m
Call Stack
  RootNav (app\_layout.tsx:107:7)
  RootLayout (app\_layout.tsx:137:13)
 ERROR  Style property 'left' is not supported by native animated module 

Code: motion.tsx
[0m [90m 41 |[39m       ])[33m,[39m
 [90m 42 |[39m     )
[31m[1m>[22m[39m[90m 43 |[39m     d[33m.[39mstart()[33m;[39m s[33m.[39mstart()[33m;[39m o1[33m.[39mstart()[33m;[39m o2[33m.[39mstart()[33m;[39m o3[33m.[39mstart()
 [90m    |[39m                                               [31m[1m^[22m[39m
 [90m 44 |[39m     [36mreturn[39m () [33m=>[39m { d[33m.[39mstop()[33m;[39m s[33m.[39mstop()[33m;[39m o1[33m.[39mstop()[33m;[39m o2[33m.[39mstop()[33m;[39m o3[33m.[39mstop() }
 [90m 45 |[39m   }[33m,[39m [drift[33m,[39m scan[33m,[39m orb1[33m,[39m orb2[33m,[39m orb3])
 [90m 46 |[39m[0m
Call Stack
  useEffect$argument_0 (src\components\motion.tsx:43:47) 

Code: _layout.tsx
[0m [90m 105 |[39m   [36mreturn[39m (
 [90m 106 |[39m     [33m<[39m[33m>[39m
[31m[1m>[22m[39m[90m 107 |[39m       [33m<[39m[33mAmbientBackground[39m [33m/[39m[33m>[39m
 [90m     |[39m       [31m[1m^[22m[39m
 [90m 108 |[39m       [33m<[39m[33mStack[39m
 [90m 109 |[39m         screenOptions[33m=[39m{{
 [90m 110 |[39m           headerShown[33m:[39m [36mfalse[39m[33m,[39m[0m
Call Stack
  RootNav (app\_layout.tsx:107:7)
  RootLayout (app\_layout.tsx:137:13)
 ERROR  Style property 'top' is not supported by native animated module 

Code: motion.tsx
[0m [90m 41 |[39m       ])[33m,[39m
 [90m 42 |[39m     )
[31m[1m>[22m[39m[90m 43 |[39m     d[33m.[39mstart()[33m;[39m s[33m.[39mstart()[33m;[39m o1[33m.[39mstart()[33m;[39m o2[33m.[39mstart()[33m;[39m o3[33m.[39mstart()
 [90m    |[39m                                               [31m[1m^[22m[39m
 [90m 44 |[39m     [36mreturn[39m () [33m=>[39m { d[33m.[39mstop()[33m;[39m s[33m.[39mstop()[33m;[39m o1[33m.[39mstop()[33m;[39m o2[33m.[39mstop()[33m;[39m o3[33m.[39mstop() }
 [90m 45 |[39m   }[33m,[39m [drift[33m,[39m scan[33m,[39m orb1[33m,[39m orb2[33m,[39m orb3])
 [90m 46 |[39m[0m
Call Stack
  useEffect$argument_0 (src\components\motion.tsx:43:47) 

Code: _layout.tsx
[0m [90m 105 |[39m   [36mreturn[39m (
 [90m 106 |[39m     [33m<[39m[33m>[39m
[31m[1m>[22m[39m[90m 107 |[39m       [33m<[39m[33mAmbientBackground[39m [33m/[39m[33m>[39m
 [90m     |[39m       [31m[1m^[22m[39m
 [90m 108 |[39m       [33m<[39m[33mStack[39m
 [90m 109 |[39m         screenOptions[33m=[39m{{
 [90m 110 |[39m           headerShown[33m:[39m [36mfalse[39m[33m,[39m[0m
Call Stack
  RootNav (app\_layout.tsx:107:7)
  RootLayout (app\_layout.tsx:137:13)
 ERROR  Style property 'left' is not supported by native animated module 

Code: motion.tsx
[0m [90m 41 |[39m       ])[33m,[39m
 [90m 42 |[39m     )
[31m[1m>[22m[39m[90m 43 |[39m     d[33m.[39mstart()[33m;[39m s[33m.[39mstart()[33m;[39m o1[33m.[39mstart()[33m;[39m o2[33m.[39mstart()[33m;[39m o3[33m.[39mstart()
 [90m    |[39m                                                           [31m[1m^[22m[39m
 [90m 44 |[39m     [36mreturn[39m () [33m=>[39m { d[33m.[39mstop()[33m;[39m s[33m.[39mstop()[33m;[39m o1[33m.[39mstop()[33m;[39m o2[33m.[39mstop()[33m;[39m o3[33m.[39mstop() }
 [90m 45 |[39m   }[33m,[39m [drift[33m,[39m scan[33m,[39m orb1[33m,[39m orb2[33m,[39m orb3])
 [90m 46 |[39m[0m
Call Stack
  useEffect$argument_0 (src\components\motion.tsx:43:59) 

Code: _layout.tsx
[0m [90m 105 |[39m   [36mreturn[39m (
 [90m 106 |[39m     [33m<[39m[33m>[39m
[31m[1m>[22m[39m[90m 107 |[39m       [33m<[39m[33mAmbientBackground[39m [33m/[39m[33m>[39m
 [90m     |[39m       [31m[1m^[22m[39m
 [90m 108 |[39m       [33m<[39m[33mStack[39m
 [90m 109 |[39m         screenOptions[33m=[39m{{
 [90m 110 |[39m           headerShown[33m:[39m [36mfalse[39m[33m,[39m[0m
Call Stack
  RootNav (app\_layout.tsx:107:7)
  RootLayout (app\_layout.tsx:137:13)
 ERROR  Style property 'top' is not supported by native animated module 

Code: motion.tsx
[0m [90m 41 |[39m       ])[33m,[39m
 [90m 42 |[39m     )
[31m[1m>[22m[39m[90m 43 |[39m     d[33m.[39mstart()[33m;[39m s[33m.[39mstart()[33m;[39m o1[33m.[39mstart()[33m;[39m o2[33m.[39mstart()[33m;[39m o3[33m.[39mstart()
 [90m    |[39m                                                           [31m[1m^[22m[39m
 [90m 44 |[39m     [36mreturn[39m () [33m=>[39m { d[33m.[39mstop()[33m;[39m s[33m.[39mstop()[33m;[39m o1[33m.[39mstop()[33m;[39m o2[33m.[39mstop()[33m;[39m o3[33m.[39mstop() }
 [90m 45 |[39m   }[33m,[39m [drift[33m,[39m scan[33m,[39m orb1[33m,[39m orb2[33m,[39m orb3])
 [90m 46 |[39m[0m
Call Stack
  useEffect$argument_0 (src\components\motion.tsx:43:59) 

Code: _layout.tsx
[0m [90m 105 |[39m   [36mreturn[39m (
 [90m 106 |[39m     [33m<[39m[33m>[39m
[31m[1m>[22m[39m[90m 107 |[39m       [33m<[39m[33mAmbientBackground[39m [33m/[39m[33m>[39m
 [90m     |[39m       [31m[1m^[22m[39m
 [90m 108 |[39m       [33m<[39m[33mStack[39m
 [90m 109 |[39m         screenOptions[33m=[39m{{
 [90m 110 |[39m           headerShown[33m:[39m [36mfalse[39m[33m,[39m[0m
Call Stack
  RootNav (app\_layout.tsx:107:7)
  RootLayout (app\_layout.tsx:137:13)
 ERROR  Style property 'left' is not supported by native animated module 

Code: motion.tsx
[0m [90m 59 |[39m     [36mconst[39m sc [33m=[39m val[33m.[39minterpolate({ inputRange[33m:[39m [[35m0[39m[33m,[39m [35m0.5[39m[33m,[39m [35m1[39m][33m,[39m outputRange[33m:[39m [[35m1[39m[33m,[39m [35m1.08[39m[33m,[39m [35m1[39m] })
 [90m 60 |[39m     [36mreturn[39m (
[31m[1m>[22m[39m[90m 61 |[39m       [33m<[39m[33mAnimated[39m[33m.[39m[33mView[39m
 [90m    |[39m       [31m[1m^[22m[39m
 [90m 62 |[39m         pointerEvents[33m=[39m[32m"none"[39m
 [90m 63 |[39m         style[33m=[39m{{
 [90m 64 |[39m           position[33m:[39m [32m'absolute'[39m[33m,[39m[0m
Call Stack
  Orb (src\components\motion.tsx:61:7)
  AmbientBackground (src\components\motion.tsx:76:7)
  RootNav (app\_layout.tsx:107:7)
  RootLayout (app\_layout.tsx:137:13)
 ERROR  Style property 'top' is not supported by native animated module 

Code: motion.tsx
[0m [90m 59 |[39m     [36mconst[39m sc [33m=[39m val[33m.[39minterpolate({ inputRange[33m:[39m [[35m0[39m[33m,[39m [35m0.5[39m[33m,[39m [35m1[39m][33m,[39m outputRange[33m:[39m [[35m1[39m[33m,[39m [35m1.08[39m[33m,[39m [35m1[39m] })
 [90m 60 |[39m     [36mreturn[39m (
[31m[1m>[22m[39m[90m 61 |[39m       [33m<[39m[33mAnimated[39m[33m.[39m[33mView[39m
 [90m    |[39m       [31m[1m^[22m[39m
 [90m 62 |[39m         pointerEvents[33m=[39m[32m"none"[39m
 [90m 63 |[39m         style[33m=[39m{{
 [90m 64 |[39m           position[33m:[39m [32m'absolute'[39m[33m,[39m[0m
Call Stack
  Orb (src\components\motion.tsx:61:7)
  AmbientBackground (src\components\motion.tsx:76:7)
  RootNav (app\_layout.tsx:107:7)
  RootLayout (app\_layout.tsx:137:13)
 ERROR  Style property 'left' is not supported by native animated module 

Code: motion.tsx
[0m [90m 59 |[39m     [36mconst[39m sc [33m=[39m val[33m.[39minterpolate({ inputRange[33m:[39m [[35m0[39m[33m,[39m [35m0.5[39m[33m,[39m [35m1[39m][33m,[39m outputRange[33m:[39m [[35m1[39m[33m,[39m [35m1.08[39m[33m,[39m [35m1[39m] })
 [90m 60 |[39m     [36mreturn[39m (
[31m[1m>[22m[39m[90m 61 |[39m       [33m<[39m[33mAnimated[39m[33m.[39m[33mView[39m
 [90m    |[39m       [31m[1m^[22m[39m
 [90m 62 |[39m         pointerEvents[33m=[39m[32m"none"[39m
 [90m 63 |[39m         style[33m=[39m{{
 [90m 64 |[39m           position[33m:[39m [32m'absolute'[39m[33m,[39m[0m
Call Stack
  Orb (src\components\motion.tsx:61:7)
  AmbientBackground (src\components\motion.tsx:77:7)
  RootNav (app\_layout.tsx:107:7)
  RootLayout (app\_layout.tsx:137:13)
 ERROR  Style property 'top' is not supported by native animated module 

Code: motion.tsx
[0m [90m 59 |[39m     [36mconst[39m sc [33m=[39m val[33m.[39minterpolate({ inputRange[33m:[39m [[35m0[39m[33m,[39m [35m0.5[39m[33m,[39m [35m1[39m][33m,[39m outputRange[33m:[39m [[35m1[39m[33m,[39m [35m1.08[39m[33m,[39m [35m1[39m] })
 [90m 60 |[39m     [36mreturn[39m (
[31m[1m>[22m[39m[90m 61 |[39m       [33m<[39m[33mAnimated[39m[33m.[39m[33mView[39m
 [90m    |[39m       [31m[1m^[22m[39m
 [90m 62 |[39m         pointerEvents[33m=[39m[32m"none"[39m
 [90m 63 |[39m         style[33m=[39m{{
 [90m 64 |[39m           position[33m:[39m [32m'absolute'[39m[33m,[39m[0m
Call Stack
  Orb (src\components\motion.tsx:61:7)
  AmbientBackground (src\components\motion.tsx:77:7)
  RootNav (app\_layout.tsx:107:7)
  RootLayout (app\_layout.tsx:137:13)
 ERROR  Style property 'left' is not supported by native animated module 

Code: motion.tsx
[0m [90m 59 |[39m     [36mconst[39m sc [33m=[39m val[33m.[39minterpolate({ inputRange[33m:[39m [[35m0[39m[33m,[39m [35m0.5[39m[33m,[39m [35m1[39m][33m,[39m outputRange[33m:[39m [[35m1[39m[33m,[39m [35m1.08[39m[33m,[39m [35m1[39m] })
 [90m 60 |[39m     [36mreturn[39m (
[31m[1m>[22m[39m[90m 61 |[39m       [33m<[39m[33mAnimated[39m[33m.[39m[33mView[39m
 [90m    |[39m       [31m[1m^[22m[39m
 [90m 62 |[39m         pointerEvents[33m=[39m[32m"none"[39m
 [90m 63 |[39m         style[33m=[39m{{
 [90m 64 |[39m           position[33m:[39m [32m'absolute'[39m[33m,[39m[0m
Call Stack
  Orb (src\components\motion.tsx:61:7)
  AmbientBackground (src\components\motion.tsx:78:7)
  RootNav (app\_layout.tsx:107:7)
  RootLayout (app\_layout.tsx:137:13)
 ERROR  Style property 'top' is not supported by native animated module 

Code: motion.tsx
[0m [90m 59 |[39m     [36mconst[39m sc [33m=[39m val[33m.[39minterpolate({ inputRange[33m:[39m [[35m0[39m[33m,[39m [35m0.5[39m[33m,[39m [35m1[39m][33m,[39m outputRange[33m:[39m [[35m1[39m[33m,[39m [35m1.08[39m[33m,[39m [35m1[39m] })
 [90m 60 |[39m     [36mreturn[39m (
[31m[1m>[22m[39m[90m 61 |[39m       [33m<[39m[33mAnimated[39m[33m.[39m[33mView[39m
 [90m    |[39m       [31m[1m^[22m[39m
 [90m 62 |[39m         pointerEvents[33m=[39m[32m"none"[39m
 [90m 63 |[39m         style[33m=[39m{{
 [90m 64 |[39m           position[33m:[39m [32m'absolute'[39m[33m,[39m[0m
Call Stack
  Orb (src\components\motion.tsx:61:7)
  AmbientBackground (src\components\motion.tsx:78:7)
  RootNav (app\_layout.tsx:107:7)
  RootLayout (app\_layout.tsx:137:13)
 ERROR  Style property 'top' is not supported by native animated module 

Code: motion.tsx
[0m [90m 87 |[39m       [33m<[39m[33m/[39m[33mAnimated[39m[33m.[39m[33mView[39m[33m>[39m
 [90m 88 |[39m
[31m[1m>[22m[39m[90m 89 |[39m       [33m<[39m[33mAnimated[39m[33m.[39m[33mView[39m
 [90m    |[39m       [31m[1m^[22m[39m
 [90m 90 |[39m         style[33m=[39m{{
 [90m 91 |[39m           position[33m:[39m [32m'absolute'[39m[33m,[39m left[33m:[39m [35m0[39m[33m,[39m right[33m:[39m [35m0[39m[33m,[39m top[33m:[39m scanY[33m,[39m height[33m:[39m [35m2[39m[33m,[39m
 [90m 92 |[39m           backgroundColor[33m:[39m withAlpha(c[33m.[39maccent[33m,[39m theme[33m.[39mdark [33m?[39m [35m0.05[39m [33m:[39m [35m0.04[39m)[33m,[39m[0m
Call Stack
  AmbientBackground (src\components\motion.tsx:89:7)
  RootNav (app\_layout.tsx:107:7)
  RootLayout (app\_layout.tsx:137:13)
 ERROR  Style property 'left' is not supported by native animated module 

Code: motion.tsx
[0m [90m 59 |[39m     [36mconst[39m sc [33m=[39m val[33m.[39minterpolate({ inputRange[33m:[39m [[35m0[39m[33m,[39m [35m0.5[39m[33m,[39m [35m1[39m][33m,[39m outputRange[33m:[39m [[35m1[39m[33m,[39m [35m1.08[39m[33m,[39m [35m1[39m] })
 [90m 60 |[39m     [36mreturn[39m (
[31m[1m>[22m[39m[90m 61 |[39m       [33m<[39m[33mAnimated[39m[33m.[39m[33mView[39m
 [90m    |[39m       [31m[1m^[22m[39m
 [90m 62 |[39m         pointerEvents[33m=[39m[32m"none"[39m
 [90m 63 |[39m         style[33m=[39m{{
 [90m 64 |[39m           position[33m:[39m [32m'absolute'[39m[33m,[39m[0m
Call Stack
  Orb (src\components\motion.tsx:61:7)
  AmbientBackground (src\components\motion.tsx:76:7)
  RootNav (app\_layout.tsx:107:7)
  RootLayout (app\_layout.tsx:137:13)
 ERROR  Style property 'top' is not supported by native animated module 

Code: motion.tsx
[0m [90m 59 |[39m     [36mconst[39m sc [33m=[39m val[33m.[39minterpolate({ inputRange[33m:[39m [[35m0[39m[33m,[39m [35m0.5[39m[33m,[39m [35m1[39m][33m,[39m outputRange[33m:[39m [[35m1[39m[33m,[39m [35m1.08[39m[33m,[39m [35m1[39m] })
 [90m 60 |[39m     [36mreturn[39m (
[31m[1m>[22m[39m[90m 61 |[39m       [33m<[39m[33mAnimated[39m[33m.[39m[33mView[39m
 [90m    |[39m       [31m[1m^[22m[39m
 [90m 62 |[39m         pointerEvents[33m=[39m[32m"none"[39m
 [90m 63 |[39m         style[33m=[39m{{
 [90m 64 |[39m           position[33m:[39m [32m'absolute'[39m[33m,[39m[0m
Call Stack
  Orb (src\components\motion.tsx:61:7)
  AmbientBackground (src\components\motion.tsx:76:7)
  RootNav (app\_layout.tsx:107:7)
  RootLayout (app\_layout.tsx:137:13)
 ERROR  Style property 'left' is not supported by native animated module 

Code: motion.tsx
[0m [90m 59 |[39m     [36mconst[39m sc [33m=[39m val[33m.[39minterpolate({ inputRange[33m:[39m [[35m0[39m[33m,[39m [35m0.5[39m[33m,[39m [35m1[39m][33m,[39m outputRange[33m:[39m [[35m1[39m[33m,[39m [35m1.08[39m[33m,[39m [35m1[39m] })
 [90m 60 |[39m     [36mreturn[39m (
[31m[1m>[22m[39m[90m 61 |[39m       [33m<[39m[33mAnimated[39m[33m.[39m[33mView[39m
 [90m    |[39m       [31m[1m^[22m[39m
 [90m 62 |[39m         pointerEvents[33m=[39m[32m"none"[39m
 [90m 63 |[39m         style[33m=[39m{{
 [90m 64 |[39m           position[33m:[39m [32m'absolute'[39m[33m,[39m[0m
Call Stack
  Orb (src\components\motion.tsx:61:7)
  AmbientBackground (src\components\motion.tsx:77:7)
  RootNav (app\_layout.tsx:107:7)
  RootLayout (app\_layout.tsx:137:13)
 ERROR  Style property 'top' is not supported by native animated module 

Code: motion.tsx
[0m [90m 59 |[39m     [36mconst[39m sc [33m=[39m val[33m.[39minterpolate({ inputRange[33m:[39m [[35m0[39m[33m,[39m [35m0.5[39m[33m,[39m [35m1[39m][33m,[39m outputRange[33m:[39m [[35m1[39m[33m,[39m [35m1.08[39m[33m,[39m [35m1[39m] })
 [90m 60 |[39m     [36mreturn[39m (
[31m[1m>[22m[39m[90m 61 |[39m       [33m<[39m[33mAnimated[39m[33m.[39m[33mView[39m
 [90m    |[39m       [31m[1m^[22m[39m
 [90m 62 |[39m         pointerEvents[33m=[39m[32m"none"[39m
 [90m 63 |[39m         style[33m=[39m{{
 [90m 64 |[39m           position[33m:[39m [32m'absolute'[39m[33m,[39m[0m
Call Stack
  Orb (src\components\motion.tsx:61:7)
  AmbientBackground (src\components\motion.tsx:77:7)
  RootNav (app\_layout.tsx:107:7)
  RootLayout (app\_layout.tsx:137:13)
 ERROR  Style property 'left' is not supported by native animated module 

Code: motion.tsx
[0m [90m 59 |[39m     [36mconst[39m sc [33m=[39m val[33m.[39minterpolate({ inputRange[33m:[39m [[35m0[39m[33m,[39m [35m0.5[39m[33m,[39m [35m1[39m][33m,[39m outputRange[33m:[39m [[35m1[39m[33m,[39m [35m1.08[39m[33m,[39m [35m1[39m] })
 [90m 60 |[39m     [36mreturn[39m (
[31m[1m>[22m[39m[90m 61 |[39m       [33m<[39m[33mAnimated[39m[33m.[39m[33mView[39m
 [90m    |[39m       [31m[1m^[22m[39m
 [90m 62 |[39m         pointerEvents[33m=[39m[32m"none"[39m
 [90m 63 |[39m         style[33m=[39m{{
 [90m 64 |[39m           position[33m:[39m [32m'absolute'[39m[33m,[39m[0m
Call Stack
  Orb (src\components\motion.tsx:61:7)
  AmbientBackground (src\components\motion.tsx:78:7)
  RootNav (app\_layout.tsx:107:7)
  RootLayout (app\_layout.tsx:137:13)
 ERROR  Style property 'top' is not supported by native animated module 

Code: motion.tsx
[0m [90m 59 |[39m     [36mconst[39m sc [33m=[39m val[33m.[39minterpolate({ inputRange[33m:[39m [[35m0[39m[33m,[39m [35m0.5[39m[33m,[39m [35m1[39m][33m,[39m outputRange[33m:[39m [[35m1[39m[33m,[39m [35m1.08[39m[33m,[39m [35m1[39m] })
 [90m 60 |[39m     [36mreturn[39m (
[31m[1m>[22m[39m[90m 61 |[39m       [33m<[39m[33mAnimated[39m[33m.[39m[33mView[39m
 [90m    |[39m       [31m[1m^[22m[39m
 [90m 62 |[39m         pointerEvents[33m=[39m[32m"none"[39m
 [90m 63 |[39m         style[33m=[39m{{
 [90m 64 |[39m           position[33m:[39m [32m'absolute'[39m[33m,[39m[0m
Call Stack
  Orb (src\components\motion.tsx:61:7)
  AmbientBackground (src\components\motion.tsx:78:7)
  RootNav (app\_layout.tsx:107:7)
  RootLayout (app\_layout.tsx:137:13)
 ERROR  Style property 'top' is not supported by native animated module 

Code: motion.tsx
[0m [90m 87 |[39m       [33m<[39m[33m/[39m[33mAnimated[39m[33m.[39m[33mView[39m[33m>[39m
 [90m 88 |[39m
[31m[1m>[22m[39m[90m 89 |[39m       [33m<[39m[33mAnimated[39m[33m.[39m[33mView[39m
 [90m    |[39m       [31m[1m^[22m[39m
 [90m 90 |[39m         style[33m=[39m{{
 [90m 91 |[39m           position[33m:[39m [32m'absolute'[39m[33m,[39m left[33m:[39m [35m0[39m[33m,[39m right[33m:[39m [35m0[39m[33m,[39m top[33m:[39m scanY[33m,[39m height[33m:[39m [35m2[39m[33m,[39m
 [90m 92 |[39m           backgroundColor[33m:[39m withAlpha(c[33m.[39maccent[33m,[39m theme[33m.[39mdark [33m?[39m [35m0.05[39m [33m:[39m [35m0.04[39m)[33m,[39m[0m
Call Stack
  AmbientBackground (src\components\motion.tsx:89:7)
  RootNav (app\_layout.tsx:107:7)
  RootLayout (app\_layout.tsx:137:13)
Android Bundled 43ms node_modules\expo-router\entry.js (1 module)
 ERROR  Style property 'top' is not supported by native animated module 

Code: motion.tsx
[0m [90m 41 |[39m       ])[33m,[39m
 [90m 42 |[39m     )
[31m[1m>[22m[39m[90m 43 |[39m     d[33m.[39mstart()[33m;[39m s[33m.[39mstart()[33m;[39m o1[33m.[39mstart()[33m;[39m o2[33m.[39mstart()[33m;[39m o3[33m.[39mstart()
 [90m    |[39m                       [31m[1m^[22m[39m
 [90m 44 |[39m     [36mreturn[39m () [33m=>[39m { d[33m.[39mstop()[33m;[39m s[33m.[39mstop()[33m;[39m o1[33m.[39mstop()[33m;[39m o2[33m.[39mstop()[33m;[39m o3[33m.[39mstop() }
 [90m 45 |[39m   }[33m,[39m [drift[33m,[39m scan[33m,[39m orb1[33m,[39m orb2[33m,[39m orb3])
 [90m 46 |[39m[0m
Call Stack
  useEffect$argument_0 (src\components\motion.tsx:43:23) 

Code: _layout.tsx
[0m [90m 105 |[39m   [36mreturn[39m (
 [90m 106 |[39m     [33m<[39m[33m>[39m
[31m[1m>[22m[39m[90m 107 |[39m       [33m<[39m[33mAmbientBackground[39m [33m/[39m[33m>[39m
 [90m     |[39m       [31m[1m^[22m[39m
 [90m 108 |[39m       [33m<[39m[33mStack[39m
 [90m 109 |[39m         screenOptions[33m=[39m{{
 [90m 110 |[39m           headerShown[33m:[39m [36mfalse[39m[33m,[39m[0m
Call Stack
  RootNav (app\_layout.tsx:107:7)
  RootLayout (app\_layout.tsx:137:13)
 ERROR  Style property 'left' is not supported by native animated module 

Code: motion.tsx
[0m [90m 41 |[39m       ])[33m,[39m
 [90m 42 |[39m     )
[31m[1m>[22m[39m[90m 43 |[39m     d[33m.[39mstart()[33m;[39m s[33m.[39mstart()[33m;[39m o1[33m.[39mstart()[33m;[39m o2[33m.[39mstart()[33m;[39m o3[33m.[39mstart()
 [90m    |[39m                                   [31m[1m^[22m[39m
 [90m 44 |[39m     [36mreturn[39m () [33m=>[39m { d[33m.[39mstop()[33m;[39m s[33m.[39mstop()[33m;[39m o1[33m.[39mstop()[33m;[39m o2[33m.[39mstop()[33m;[39m o3[33m.[39mstop() }
 [90m 45 |[39m   }[33m,[39m [drift[33m,[39m scan[33m,[39m orb1[33m,[39m orb2[33m,[39m orb3])
 [90m 46 |[39m[0m
Call Stack
  useEffect$argument_0 (src\components\motion.tsx:43:35) 

Code: _layout.tsx
[0m [90m 105 |[39m   [36mreturn[39m (
 [90m 106 |[39m     [33m<[39m[33m>[39m
[31m[1m>[22m[39m[90m 107 |[39m       [33m<[39m[33mAmbientBackground[39m [33m/[39m[33m>[39m
 [90m     |[39m       [31m[1m^[22m[39m
 [90m 108 |[39m       [33m<[39m[33mStack[39m
 [90m 109 |[39m         screenOptions[33m=[39m{{
 [90m 110 |[39m           headerShown[33m:[39m [36mfalse[39m[33m,[39m[0m
Call Stack
  RootNav (app\_layout.tsx:107:7)
  RootLayout (app\_layout.tsx:137:13)
 ERROR  Style property 'left' is not supported by native animated module 

Code: motion.tsx
[0m [90m 41 |[39m       ])[33m,[39m
 [90m 42 |[39m     )
[31m[1m>[22m[39m[90m 43 |[39m     d[33m.[39mstart()[33m;[39m s[33m.[39mstart()[33m;[39m o1[33m.[39mstart()[33m;[39m o2[33m.[39mstart()[33m;[39m o3[33m.[39mstart()
 [90m    |[39m                                               [31m[1m^[22m[39m
 [90m 44 |[39m     [36mreturn[39m () [33m=>[39m { d[33m.[39mstop()[33m;[39m s[33m.[39mstop()[33m;[39m o1[33m.[39mstop()[33m;[39m o2[33m.[39mstop()[33m;[39m o3[33m.[39mstop() }
 [90m 45 |[39m   }[33m,[39m [drift[33m,[39m scan[33m,[39m orb1[33m,[39m orb2[33m,[39m orb3])
 [90m 46 |[39m[0m
Call Stack
  useEffect$argument_0 (src\components\motion.tsx:43:47) 

Code: _layout.tsx
[0m [90m 105 |[39m   [36mreturn[39m (
 [90m 106 |[39m     [33m<[39m[33m>[39m
[31m[1m>[22m[39m[90m 107 |[39m       [33m<[39m[33mAmbientBackground[39m [33m/[39m[33m>[39m
 [90m     |[39m       [31m[1m^[22m[39m
 [90m 108 |[39m       [33m<[39m[33mStack[39m
 [90m 109 |[39m         screenOptions[33m=[39m{{
 [90m 110 |[39m           headerShown[33m:[39m [36mfalse[39m[33m,[39m[0m
Call Stack
  RootNav (app\_layout.tsx:107:7)
  RootLayout (app\_layout.tsx:137:13)
 ERROR  Style property 'top' is not supported by native animated module 

Code: motion.tsx
[0m [90m 41 |[39m       ])[33m,[39m
 [90m 42 |[39m     )
[31m[1m>[22m[39m[90m 43 |[39m     d[33m.[39mstart()[33m;[39m s[33m.[39mstart()[33m;[39m o1[33m.[39mstart()[33m;[39m o2[33m.[39mstart()[33m;[39m o3[33m.[39mstart()
 [90m    |[39m                                   [31m[1m^[22m[39m
 [90m 44 |[39m     [36mreturn[39m () [33m=>[39m { d[33m.[39mstop()[33m;[39m s[33m.[39mstop()[33m;[39m o1[33m.[39mstop()[33m;[39m o2[33m.[39mstop()[33m;[39m o3[33m.[39mstop() }
 [90m 45 |[39m   }[33m,[39m [drift[33m,[39m scan[33m,[39m orb1[33m,[39m orb2[33m,[39m orb3])
 [90m 46 |[39m[0m
Call Stack
  useEffect$argument_0 (src\components\motion.tsx:43:35) 

Code: _layout.tsx
[0m [90m 105 |[39m   [36mreturn[39m (
 [90m 106 |[39m     [33m<[39m[33m>[39m
[31m[1m>[22m[39m[90m 107 |[39m       [33m<[39m[33mAmbientBackground[39m [33m/[39m[33m>[39m
 [90m     |[39m       [31m[1m^[22m[39m
 [90m 108 |[39m       [33m<[39m[33mStack[39m
 [90m 109 |[39m         screenOptions[33m=[39m{{
 [90m 110 |[39m           headerShown[33m:[39m [36mfalse[39m[33m,[39m[0m
Call Stack
  RootNav (app\_layout.tsx:107:7)
  RootLayout (app\_layout.tsx:137:13)
 ERROR  Style property 'top' is not supported by native animated module 

Code: motion.tsx
[0m [90m 41 |[39m       ])[33m,[39m
 [90m 42 |[39m     )
[31m[1m>[22m[39m[90m 43 |[39m     d[33m.[39mstart()[33m;[39m s[33m.[39mstart()[33m;[39m o1[33m.[39mstart()[33m;[39m o2[33m.[39mstart()[33m;[39m o3[33m.[39mstart()
 [90m    |[39m                                               [31m[1m^[22m[39m
 [90m 44 |[39m     [36mreturn[39m () [33m=>[39m { d[33m.[39mstop()[33m;[39m s[33m.[39mstop()[33m;[39m o1[33m.[39mstop()[33m;[39m o2[33m.[39mstop()[33m;[39m o3[33m.[39mstop() }
 [90m 45 |[39m   }[33m,[39m [drift[33m,[39m scan[33m,[39m orb1[33m,[39m orb2[33m,[39m orb3])
 [90m 46 |[39m[0m
Call Stack
  useEffect$argument_0 (src\components\motion.tsx:43:47) 

Code: _layout.tsx
[0m [90m 105 |[39m   [36mreturn[39m (
 [90m 106 |[39m     [33m<[39m[33m>[39m
[31m[1m>[22m[39m[90m 107 |[39m       [33m<[39m[33mAmbientBackground[39m [33m/[39m[33m>[39m
 [90m     |[39m       [31m[1m^[22m[39m
 [90m 108 |[39m       [33m<[39m[33mStack[39m
 [90m 109 |[39m         screenOptions[33m=[39m{{
 [90m 110 |[39m           headerShown[33m:[39m [36mfalse[39m[33m,[39m[0m
Call Stack
  RootNav (app\_layout.tsx:107:7)
  RootLayout (app\_layout.tsx:137:13)
 ERROR  Style property 'left' is not supported by native animated module 

Code: motion.tsx
[0m [90m 41 |[39m       ])[33m,[39m
 [90m 42 |[39m     )
[31m[1m>[22m[39m[90m 43 |[39m     d[33m.[39mstart()[33m;[39m s[33m.[39mstart()[33m;[39m o1[33m.[39mstart()[33m;[39m o2[33m.[39mstart()[33m;[39m o3[33m.[39mstart()
 [90m    |[39m                                                           [31m[1m^[22m[39m
 [90m 44 |[39m     [36mreturn[39m () [33m=>[39m { d[33m.[39mstop()[33m;[39m s[33m.[39mstop()[33m;[39m o1[33m.[39mstop()[33m;[39m o2[33m.[39mstop()[33m;[39m o3[33m.[39mstop() }
 [90m 45 |[39m   }[33m,[39m [drift[33m,[39m scan[33m,[39m orb1[33m,[39m orb2[33m,[39m orb3])
 [90m 46 |[39m[0m
Call Stack
  useEffect$argument_0 (src\components\motion.tsx:43:59) 

Code: _layout.tsx
[0m [90m 105 |[39m   [36mreturn[39m (
 [90m 106 |[39m     [33m<[39m[33m>[39m
[31m[1m>[22m[39m[90m 107 |[39m       [33m<[39m[33mAmbientBackground[39m [33m/[39m[33m>[39m
 [90m     |[39m       [31m[1m^[22m[39m
 [90m 108 |[39m       [33m<[39m[33mStack[39m
 [90m 109 |[39m         screenOptions[33m=[39m{{
 [90m 110 |[39m           headerShown[33m:[39m [36mfalse[39m[33m,[39m[0m
Call Stack
  RootNav (app\_layout.tsx:107:7)
  RootLayout (app\_layout.tsx:137:13)
 ERROR  Style property 'top' is not supported by native animated module 

Code: motion.tsx
[0m [90m 41 |[39m       ])[33m,[39m
 [90m 42 |[39m     )
[31m[1m>[22m[39m[90m 43 |[39m     d[33m.[39mstart()[33m;[39m s[33m.[39mstart()[33m;[39m o1[33m.[39mstart()[33m;[39m o2[33m.[39mstart()[33m;[39m o3[33m.[39mstart()
 [90m    |[39m                                                           [31m[1m^[22m[39m
 [90m 44 |[39m     [36mreturn[39m () [33m=>[39m { d[33m.[39mstop()[33m;[39m s[33m.[39mstop()[33m;[39m o1[33m.[39mstop()[33m;[39m o2[33m.[39mstop()[33m;[39m o3[33m.[39mstop() }
 [90m 45 |[39m   }[33m,[39m [drift[33m,[39m scan[33m,[39m orb1[33m,[39m orb2[33m,[39m orb3])
 [90m 46 |[39m[0m
Call Stack
  useEffect$argument_0 (src\components\motion.tsx:43:59) 

Code: _layout.tsx
[0m [90m 105 |[39m   [36mreturn[39m (
 [90m 106 |[39m     [33m<[39m[33m>[39m
[31m[1m>[22m[39m[90m 107 |[39m       [33m<[39m[33mAmbientBackground[39m [33m/[39m[33m>[39m
 [90m     |[39m       [31m[1m^[22m[39m
 [90m 108 |[39m       [33m<[39m[33mStack[39m
 [90m 109 |[39m         screenOptions[33m=[39m{{
 [90m 110 |[39m           headerShown[33m:[39m [36mfalse[39m[33m,[39m[0m
Call Stack
  RootNav (app\_layout.tsx:107:7)
  RootLayout (app\_layout.tsx:137:13)
 ERROR  Style property 'left' is not supported by native animated module 

Code: motion.tsx
[0m [90m 59 |[39m     [36mconst[39m sc [33m=[39m val[33m.[39minterpolate({ inputRange[33m:[39m [[35m0[39m[33m,[39m [35m0.5[39m[33m,[39m [35m1[39m][33m,[39m outputRange[33m:[39m [[35m1[39m[33m,[39m [35m1.08[39m[33m,[39m [35m1[39m] })
 [90m 60 |[39m     [36mreturn[39m (
[31m[1m>[22m[39m[90m 61 |[39m       [33m<[39m[33mAnimated[39m[33m.[39m[33mView[39m
 [90m    |[39m       [31m[1m^[22m[39m
 [90m 62 |[39m         pointerEvents[33m=[39m[32m"none"[39m
 [90m 63 |[39m         style[33m=[39m{{
 [90m 64 |[39m           position[33m:[39m [32m'absolute'[39m[33m,[39m[0m
Call Stack
  Orb (src\components\motion.tsx:61:7)
  AmbientBackground (src\components\motion.tsx:76:7)
  RootNav (app\_layout.tsx:107:7)
  RootLayout (app\_layout.tsx:137:13)
 ERROR  Style property 'top' is not supported by native animated module 

Code: motion.tsx
[0m [90m 59 |[39m     [36mconst[39m sc [33m=[39m val[33m.[39minterpolate({ inputRange[33m:[39m [[35m0[39m[33m,[39m [35m0.5[39m[33m,[39m [35m1[39m][33m,[39m outputRange[33m:[39m [[35m1[39m[33m,[39m [35m1.08[39m[33m,[39m [35m1[39m] })
 [90m 60 |[39m     [36mreturn[39m (
[31m[1m>[22m[39m[90m 61 |[39m       [33m<[39m[33mAnimated[39m[33m.[39m[33mView[39m
 [90m    |[39m       [31m[1m^[22m[39m
 [90m 62 |[39m         pointerEvents[33m=[39m[32m"none"[39m
 [90m 63 |[39m         style[33m=[39m{{
 [90m 64 |[39m           position[33m:[39m [32m'absolute'[39m[33m,[39m[0m
Call Stack
  Orb (src\components\motion.tsx:61:7)
  AmbientBackground (src\components\motion.tsx:76:7)
  RootNav (app\_layout.tsx:107:7)
  RootLayout (app\_layout.tsx:137:13)
 ERROR  Style property 'left' is not supported by native animated module 

Code: motion.tsx
[0m [90m 59 |[39m     [36mconst[39m sc [33m=[39m val[33m.[39minterpolate({ inputRange[33m:[39m [[35m0[39m[33m,[39m [35m0.5[39m[33m,[39m [35m1[39m][33m,[39m outputRange[33m:[39m [[35m1[39m[33m,[39m [35m1.08[39m[33m,[39m [35m1[39m] })
 [90m 60 |[39m     [36mreturn[39m (
[31m[1m>[22m[39m[90m 61 |[39m       [33m<[39m[33mAnimated[39m[33m.[39m[33mView[39m
 [90m    |[39m       [31m[1m^[22m[39m
 [90m 62 |[39m         pointerEvents[33m=[39m[32m"none"[39m
 [90m 63 |[39m         style[33m=[39m{{
 [90m 64 |[39m           position[33m:[39m [32m'absolute'[39m[33m,[39m[0m
Call Stack
  Orb (src\components\motion.tsx:61:7)
  AmbientBackground (src\components\motion.tsx:77:7)
  RootNav (app\_layout.tsx:107:7)
  RootLayout (app\_layout.tsx:137:13)
 ERROR  Style property 'top' is not supported by native animated module 

Code: motion.tsx
[0m [90m 59 |[39m     [36mconst[39m sc [33m=[39m val[33m.[39minterpolate({ inputRange[33m:[39m [[35m0[39m[33m,[39m [35m0.5[39m[33m,[39m [35m1[39m][33m,[39m outputRange[33m:[39m [[35m1[39m[33m,[39m [35m1.08[39m[33m,[39m [35m1[39m] })
 [90m 60 |[39m     [36mreturn[39m (
[31m[1m>[22m[39m[90m 61 |[39m       [33m<[39m[33mAnimated[39m[33m.[39m[33mView[39m
 [90m    |[39m       [31m[1m^[22m[39m
 [90m 62 |[39m         pointerEvents[33m=[39m[32m"none"[39m
 [90m 63 |[39m         style[33m=[39m{{
 [90m 64 |[39m           position[33m:[39m [32m'absolute'[39m[33m,[39m[0m
Call Stack
  Orb (src\components\motion.tsx:61:7)
  AmbientBackground (src\components\motion.tsx:77:7)
  RootNav (app\_layout.tsx:107:7)
  RootLayout (app\_layout.tsx:137:13)
 ERROR  Style property 'left' is not supported by native animated module 

Code: motion.tsx
[0m [90m 59 |[39m     [36mconst[39m sc [33m=[39m val[33m.[39minterpolate({ inputRange[33m:[39m [[35m0[39m[33m,[39m [35m0.5[39m[33m,[39m [35m1[39m][33m,[39m outputRange[33m:[39m [[35m1[39m[33m,[39m [35m1.08[39m[33m,[39m [35m1[39m] })
 [90m 60 |[39m     [36mreturn[39m (
[31m[1m>[22m[39m[90m 61 |[39m       [33m<[39m[33mAnimated[39m[33m.[39m[33mView[39m
 [90m    |[39m       [31m[1m^[22m[39m
 [90m 62 |[39m         pointerEvents[33m=[39m[32m"none"[39m
 [90m 63 |[39m         style[33m=[39m{{
 [90m 64 |[39m           position[33m:[39m [32m'absolute'[39m[33m,[39m[0m
Call Stack
  Orb (src\components\motion.tsx:61:7)
  AmbientBackground (src\components\motion.tsx:78:7)
  RootNav (app\_layout.tsx:107:7)
  RootLayout (app\_layout.tsx:137:13)
 ERROR  Style property 'top' is not supported by native animated module 

Code: motion.tsx
[0m [90m 59 |[39m     [36mconst[39m sc [33m=[39m val[33m.[39minterpolate({ inputRange[33m:[39m [[35m0[39m[33m,[39m [35m0.5[39m[33m,[39m [35m1[39m][33m,[39m outputRange[33m:[39m [[35m1[39m[33m,[39m [35m1.08[39m[33m,[39m [35m1[39m] })
 [90m 60 |[39m     [36mreturn[39m (
[31m[1m>[22m[39m[90m 61 |[39m       [33m<[39m[33mAnimated[39m[33m.[39m[33mView[39m
 [90m    |[39m       [31m[1m^[22m[39m
 [90m 62 |[39m         pointerEvents[33m=[39m[32m"none"[39m
 [90m 63 |[39m         style[33m=[39m{{
 [90m 64 |[39m           position[33m:[39m [32m'absolute'[39m[33m,[39m[0m
Call Stack
  Orb (src\components\motion.tsx:61:7)
  AmbientBackground (src\components\motion.tsx:78:7)
  RootNav (app\_layout.tsx:107:7)
  RootLayout (app\_layout.tsx:137:13)
 ERROR  Style property 'top' is not supported by native animated module 

Code: motion.tsx
[0m [90m 87 |[39m       [33m<[39m[33m/[39m[33mAnimated[39m[33m.[39m[33mView[39m[33m>[39m
 [90m 88 |[39m
[31m[1m>[22m[39m[90m 89 |[39m       [33m<[39m[33mAnimated[39m[33m.[39m[33mView[39m
 [90m    |[39m       [31m[1m^[22m[39m
 [90m 90 |[39m         style[33m=[39m{{
 [90m 91 |[39m           position[33m:[39m [32m'absolute'[39m[33m,[39m left[33m:[39m [35m0[39m[33m,[39m right[33m:[39m [35m0[39m[33m,[39m top[33m:[39m scanY[33m,[39m height[33m:[39m [35m2[39m[33m,[39m
 [90m 92 |[39m           backgroundColor[33m:[39m withAlpha(c[33m.[39maccent[33m,[39m theme[33m.[39mdark [33m?[39m [35m0.05[39m [33m:[39m [35m0.04[39m)[33m,[39m[0m
Call Stack
  AmbientBackground (src\components\motion.tsx:89:7)
  RootNav (app\_layout.tsx:107:7)
  RootLayout (app\_layout.tsx:137:13)
 ERROR  Style property 'left' is not supported by native animated module 

Code: motion.tsx
[0m [90m 59 |[39m     [36mconst[39m sc [33m=[39m val[33m.[39minterpolate({ inputRange[33m:[39m [[35m0[39m[33m,[39m [35m0.5[39m[33m,[39m [35m1[39m][33m,[39m outputRange[33m:[39m [[35m1[39m[33m,[39m [35m1.08[39m[33m,[39m [35m1[39m] })
 [90m 60 |[39m     [36mreturn[39m (
[31m[1m>[22m[39m[90m 61 |[39m       [33m<[39m[33mAnimated[39m[33m.[39m[33mView[39m
 [90m    |[39m       [31m[1m^[22m[39m
 [90m 62 |[39m         pointerEvents[33m=[39m[32m"none"[39m
 [90m 63 |[39m         style[33m=[39m{{
 [90m 64 |[39m           position[33m:[39m [32m'absolute'[39m[33m,[39m[0m
Call Stack
  Orb (src\components\motion.tsx:61:7)
  AmbientBackground (src\components\motion.tsx:76:7)
  RootNav (app\_layout.tsx:107:7)
  RootLayout (app\_layout.tsx:137:13)
 ERROR  Style property 'top' is not supported by native animated module 

Code: motion.tsx
[0m [90m 59 |[39m     [36mconst[39m sc [33m=[39m val[33m.[39minterpolate({ inputRange[33m:[39m [[35m0[39m[33m,[39m [35m0.5[39m[33m,[39m [35m1[39m][33m,[39m outputRange[33m:[39m [[35m1[39m[33m,[39m [35m1.08[39m[33m,[39m [35m1[39m] })
 [90m 60 |[39m     [36mreturn[39m (
[31m[1m>[22m[39m[90m 61 |[39m       [33m<[39m[33mAnimated[39m[33m.[39m[33mView[39m
 [90m    |[39m       [31m[1m^[22m[39m
 [90m 62 |[39m         pointerEvents[33m=[39m[32m"none"[39m
 [90m 63 |[39m         style[33m=[39m{{
 [90m 64 |[39m           position[33m:[39m [32m'absolute'[39m[33m,[39m[0m
Call Stack
  Orb (src\components\motion.tsx:61:7)
  AmbientBackground (src\components\motion.tsx:76:7)
  RootNav (app\_layout.tsx:107:7)
  RootLayout (app\_layout.tsx:137:13)
 ERROR  Style property 'left' is not supported by native animated module 

Code: motion.tsx
[0m [90m 59 |[39m     [36mconst[39m sc [33m=[39m val[33m.[39minterpolate({ inputRange[33m:[39m [[35m0[39m[33m,[39m [35m0.5[39m[33m,[39m [35m1[39m][33m,[39m outputRange[33m:[39m [[35m1[39m[33m,[39m [35m1.08[39m[33m,[39m [35m1[39m] })
 [90m 60 |[39m     [36mreturn[39m (
[31m[1m>[22m[39m[90m 61 |[39m       [33m<[39m[33mAnimated[39m[33m.[39m[33mView[39m
 [90m    |[39m       [31m[1m^[22m[39m
 [90m 62 |[39m         pointerEvents[33m=[39m[32m"none"[39m
 [90m 63 |[39m         style[33m=[39m{{
 [90m 64 |[39m           position[33m:[39m [32m'absolute'[39m[33m,[39m[0m
Call Stack
  Orb (src\components\motion.tsx:61:7)
  AmbientBackground (src\components\motion.tsx:77:7)
  RootNav (app\_layout.tsx:107:7)
  RootLayout (app\_layout.tsx:137:13)
 ERROR  Style property 'top' is not supported by native animated module 

Code: motion.tsx
[0m [90m 59 |[39m     [36mconst[39m sc [33m=[39m val[33m.[39minterpolate({ inputRange[33m:[39m [[35m0[39m[33m,[39m [35m0.5[39m[33m,[39m [35m1[39m][33m,[39m outputRange[33m:[39m [[35m1[39m[33m,[39m [35m1.08[39m[33m,[39m [35m1[39m] })
 [90m 60 |[39m     [36mreturn[39m (
[31m[1m>[22m[39m[90m 61 |[39m       [33m<[39m[33mAnimated[39m[33m.[39m[33mView[39m
 [90m    |[39m       [31m[1m^[22m[39m
 [90m 62 |[39m         pointerEvents[33m=[39m[32m"none"[39m
 [90m 63 |[39m         style[33m=[39m{{
 [90m 64 |[39m           position[33m:[39m [32m'absolute'[39m[33m,[39m[0m
Call Stack
  Orb (src\components\motion.tsx:61:7)
  AmbientBackground (src\components\motion.tsx:77:7)
  RootNav (app\_layout.tsx:107:7)
  RootLayout (app\_layout.tsx:137:13)
 ERROR  Style property 'left' is not supported by native animated module 

Code: motion.tsx
[0m [90m 59 |[39m     [36mconst[39m sc [33m=[39m val[33m.[39minterpolate({ inputRange[33m:[39m [[35m0[39m[33m,[39m [35m0.5[39m[33m,[39m [35m1[39m][33m,[39m outputRange[33m:[39m [[35m1[39m[33m,[39m [35m1.08[39m[33m,[39m [35m1[39m] })
 [90m 60 |[39m     [36mreturn[39m (
[31m[1m>[22m[39m[90m 61 |[39m       [33m<[39m[33mAnimated[39m[33m.[39m[33mView[39m
 [90m    |[39m       [31m[1m^[22m[39m
 [90m 62 |[39m         pointerEvents[33m=[39m[32m"none"[39m
 [90m 63 |[39m         style[33m=[39m{{
 [90m 64 |[39m           position[33m:[39m [32m'absolute'[39m[33m,[39m[0m
Call Stack
  Orb (src\components\motion.tsx:61:7)
  AmbientBackground (src\components\motion.tsx:78:7)
  RootNav (app\_layout.tsx:107:7)
  RootLayout (app\_layout.tsx:137:13)
 ERROR  Style property 'top' is not supported by native animated module 

Code: motion.tsx
[0m [90m 59 |[39m     [36mconst[39m sc [33m=[39m val[33m.[39minterpolate({ inputRange[33m:[39m [[35m0[39m[33m,[39m [35m0.5[39m[33m,[39m [35m1[39m][33m,[39m outputRange[33m:[39m [[35m1[39m[33m,[39m [35m1.08[39m[33m,[39m [35m1[39m] })
 [90m 60 |[39m     [36mreturn[39m (
[31m[1m>[22m[39m[90m 61 |[39m       [33m<[39m[33mAnimated[39m[33m.[39m[33mView[39m
 [90m    |[39m       [31m[1m^[22m[39m
 [90m 62 |[39m         pointerEvents[33m=[39m[32m"none"[39m
 [90m 63 |[39m         style[33m=[39m{{
 [90m 64 |[39m           position[33m:[39m [32m'absolute'[39m[33m,[39m[0m
Call Stack
  Orb (src\components\motion.tsx:61:7)
  AmbientBackground (src\components\motion.tsx:78:7)
  RootNav (app\_layout.tsx:107:7)
  RootLayout (app\_layout.tsx:137:13)
 ERROR  Style property 'top' is not supported by native animated module 

Code: motion.tsx
[0m [90m 87 |[39m       [33m<[39m[33m/[39m[33mAnimated[39m[33m.[39m[33mView[39m[33m>[39m
 [90m 88 |[39m
[31m[1m>[22m[39m[90m 89 |[39m       [33m<[39m[33mAnimated[39m[33m.[39m[33mView[39m
 [90m    |[39m       [31m[1m^[22m[39m
 [90m 90 |[39m         style[33m=[39m{{
 [90m 91 |[39m           position[33m:[39m [32m'absolute'[39m[33m,[39m left[33m:[39m [35m0[39m[33m,[39m right[33m:[39m [35m0[39m[33m,[39m top[33m:[39m scanY[33m,[39m height[33m:[39m [35m2[39m[33m,[39m
 [90m 92 |[39m           backgroundColor[33m:[39m withAlpha(c[33m.[39maccent[33m,[39m theme[33m.[39mdark [33m?[39m [35m0.05[39m [33m:[39m [35m0.04[39m)[33m,[39m[0m
Call Stack
  AmbientBackground (src\components\motion.tsx:89:7)
  RootNav (app\_layout.tsx:107:7)
  RootLayout (app\_layout.tsx:137:13)
 ERROR  Style property 'left' is not supported by native animated module 

Code: motion.tsx
[0m [90m 59 |[39m     [36mconst[39m sc [33m=[39m val[33m.[39minterpolate({ inputRange[33m:[39m [[35m0[39m[33m,[39m [35m0.5[39m[33m,[39m [35m1[39m][33m,[39m outputRange[33m:[39m [[35m1[39m[33m,[39m [35m1.08[39m[33m,[39m [35m1[39m] })
 [90m 60 |[39m     [36mreturn[39m (
[31m[1m>[22m[39m[90m 61 |[39m       [33m<[39m[33mAnimated[39m[33m.[39m[33mView[39m
 [90m    |[39m       [31m[1m^[22m[39m
 [90m 62 |[39m         pointerEvents[33m=[39m[32m"none"[39m
 [90m 63 |[39m         style[33m=[39m{{
 [90m 64 |[39m           position[33m:[39m [32m'absolute'[39m[33m,[39m[0m
Call Stack
  Orb (src\components\motion.tsx:61:7)
  AmbientBackground (src\components\motion.tsx:76:7)
  RootNav (app\_layout.tsx:107:7)
  RootLayout (app\_layout.tsx:137:13)
 ERROR  Style property 'top' is not supported by native animated module 

Code: motion.tsx
[0m [90m 59 |[39m     [36mconst[39m sc [33m=[39m val[33m.[39minterpolate({ inputRange[33m:[39m [[35m0[39m[33m,[39m [35m0.5[39m[33m,[39m [35m1[39m][33m,[39m outputRange[33m:[39m [[35m1[39m[33m,[39m [35m1.08[39m[33m,[39m [35m1[39m] })
 [90m 60 |[39m     [36mreturn[39m (
[31m[1m>[22m[39m[90m 61 |[39m       [33m<[39m[33mAnimated[39m[33m.[39m[33mView[39m
 [90m    |[39m       [31m[1m^[22m[39m
 [90m 62 |[39m         pointerEvents[33m=[39m[32m"none"[39m
 [90m 63 |[39m         style[33m=[39m{{
 [90m 64 |[39m           position[33m:[39m [32m'absolute'[39m[33m,[39m[0m
Call Stack
  Orb (src\components\motion.tsx:61:7)
  AmbientBackground (src\components\motion.tsx:76:7)
  RootNav (app\_layout.tsx:107:7)
  RootLayout (app\_layout.tsx:137:13)
 ERROR  Style property 'left' is not supported by native animated module 

Code: motion.tsx
[0m [90m 59 |[39m     [36mconst[39m sc [33m=[39m val[33m.[39minterpolate({ inputRange[33m:[39m [[35m0[39m[33m,[39m [35m0.5[39m[33m,[39m [35m1[39m][33m,[39m outputRange[33m:[39m [[35m1[39m[33m,[39m [35m1.08[39m[33m,[39m [35m1[39m] })
 [90m 60 |[39m     [36mreturn[39m (
[31m[1m>[22m[39m[90m 61 |[39m       [33m<[39m[33mAnimated[39m[33m.[39m[33mView[39m
 [90m    |[39m       [31m[1m^[22m[39m
 [90m 62 |[39m         pointerEvents[33m=[39m[32m"none"[39m
 [90m 63 |[39m         style[33m=[39m{{
 [90m 64 |[39m           position[33m:[39m [32m'absolute'[39m[33m,[39m[0m
Call Stack
  Orb (src\components\motion.tsx:61:7)
  AmbientBackground (src\components\motion.tsx:77:7)
  RootNav (app\_layout.tsx:107:7)
  RootLayout (app\_layout.tsx:137:13)
 ERROR  Style property 'top' is not supported by native animated module 

Code: motion.tsx
[0m [90m 59 |[39m     [36mconst[39m sc [33m=[39m val[33m.[39minterpolate({ inputRange[33m:[39m [[35m0[39m[33m,[39m [35m0.5[39m[33m,[39m [35m1[39m][33m,[39m outputRange[33m:[39m [[35m1[39m[33m,[39m [35m1.08[39m[33m,[39m [35m1[39m] })
 [90m 60 |[39m     [36mreturn[39m (
[31m[1m>[22m[39m[90m 61 |[39m       [33m<[39m[33mAnimated[39m[33m.[39m[33mView[39m
 [90m    |[39m       [31m[1m^[22m[39m
 [90m 62 |[39m         pointerEvents[33m=[39m[32m"none"[39m
 [90m 63 |[39m         style[33m=[39m{{
 [90m 64 |[39m           position[33m:[39m [32m'absolute'[39m[33m,[39m[0m
Call Stack
  Orb (src\components\motion.tsx:61:7)
  AmbientBackground (src\components\motion.tsx:77:7)
  RootNav (app\_layout.tsx:107:7)
  RootLayout (app\_layout.tsx:137:13)
 ERROR  Style property 'left' is not supported by native animated module 

Code: motion.tsx
[0m [90m 59 |[39m     [36mconst[39m sc [33m=[39m val[33m.[39minterpolate({ inputRange[33m:[39m [[35m0[39m[33m,[39m [35m0.5[39m[33m,[39m [35m1[39m][33m,[39m outputRange[33m:[39m [[35m1[39m[33m,[39m [35m1.08[39m[33m,[39m [35m1[39m] })
 [90m 60 |[39m     [36mreturn[39m (
[31m[1m>[22m[39m[90m 61 |[39m       [33m<[39m[33mAnimated[39m[33m.[39m[33mView[39m
 [90m    |[39m       [31m[1m^[22m[39m
 [90m 62 |[39m         pointerEvents[33m=[39m[32m"none"[39m
 [90m 63 |[39m         style[33m=[39m{{
 [90m 64 |[39m           position[33m:[39m [32m'absolute'[39m[33m,[39m[0m
Call Stack
  Orb (src\components\motion.tsx:61:7)
  AmbientBackground (src\components\motion.tsx:78:7)
  RootNav (app\_layout.tsx:107:7)
  RootLayout (app\_layout.tsx:137:13)
 ERROR  Style property 'top' is not supported by native animated module 

Code: motion.tsx
[0m [90m 59 |[39m     [36mconst[39m sc [33m=[39m val[33m.[39minterpolate({ inputRange[33m:[39m [[35m0[39m[33m,[39m [35m0.5[39m[33m,[39m [35m1[39m][33m,[39m outputRange[33m:[39m [[35m1[39m[33m,[39m [35m1.08[39m[33m,[39m [35m1[39m] })
 [90m 60 |[39m     [36mreturn[39m (
[31m[1m>[22m[39m[90m 61 |[39m       [33m<[39m[33mAnimated[39m[33m.[39m[33mView[39m
 [90m    |[39m       [31m[1m^[22m[39m
 [90m 62 |[39m         pointerEvents[33m=[39m[32m"none"[39m
 [90m 63 |[39m         style[33m=[39m{{
 [90m 64 |[39m           position[33m:[39m [32m'absolute'[39m[33m,[39m[0m
Call Stack
  Orb (src\components\motion.tsx:61:7)
  AmbientBackground (src\components\motion.tsx:78:7)
  RootNav (app\_layout.tsx:107:7)
  RootLayout (app\_layout.tsx:137:13)
 ERROR  Style property 'top' is not supported by native animated module 

Code: motion.tsx
[0m [90m 87 |[39m       [33m<[39m[33m/[39m[33mAnimated[39m[33m.[39m[33mView[39m[33m>[39m
 [90m 88 |[39m
[31m[1m>[22m[39m[90m 89 |[39m       [33m<[39m[33mAnimated[39m[33m.[39m[33mView[39m
 [90m    |[39m       [31m[1m^[22m[39m
 [90m 90 |[39m         style[33m=[39m{{
 [90m 91 |[39m           position[33m:[39m [32m'absolute'[39m[33m,[39m left[33m:[39m [35m0[39m[33m,[39m right[33m:[39m [35m0[39m[33m,[39m top[33m:[39m scanY[33m,[39m height[33m:[39m [35m2[39m[33m,[39m
 [90m 92 |[39m           backgroundColor[33m:[39m withAlpha(c[33m.[39maccent[33m,[39m theme[33m.[39mdark [33m?[39m [35m0.05[39m [33m:[39m [35m0.04[39m)[33m,[39m[0m
Call Stack
  AmbientBackground (src\components\motion.tsx:89:7)
  RootNav (app\_layout.tsx:107:7)
  RootLayout (app\_layout.tsx:137:13)
Could not open editor.
You can set an editor for Expo to open by defining the $EXPO_EDITOR or $VISUAL environment variable (e.g. "vscode" or "atom")
 ERROR  Style property 'left' is not supported by native animated module 

Code: motion.tsx
[0m [90m 59 |[39m     [36mconst[39m sc [33m=[39m val[33m.[39minterpolate({ inputRange[33m:[39m [[35m0[39m[33m,[39m [35m0.5[39m[33m,[39m [35m1[39m][33m,[39m outputRange[33m:[39m [[35m1[39m[33m,[39m [35m1.08[39m[33m,[39m [35m1[39m] })
 [90m 60 |[39m     [36mreturn[39m (
[31m[1m>[22m[39m[90m 61 |[39m       [33m<[39m[33mAnimated[39m[33m.[39m[33mView[39m
 [90m    |[39m       [31m[1m^[22m[39m
 [90m 62 |[39m         pointerEvents[33m=[39m[32m"none"[39m
 [90m 63 |[39m         style[33m=[39m{{
 [90m 64 |[39m           position[33m:[39m [32m'absolute'[39m[33m,[39m[0m
Call Stack
  Orb (src\components\motion.tsx:61:7)
  AmbientBackground (src\components\motion.tsx:76:7)
  RootNav (app\_layout.tsx:107:7)
  RootLayout (app\_layout.tsx:137:13)
 ERROR  Style property 'top' is not supported by native animated module 

Code: motion.tsx
[0m [90m 59 |[39m     [36mconst[39m sc [33m=[39m val[33m.[39minterpolate({ inputRange[33m:[39m [[35m0[39m[33m,[39m [35m0.5[39m[33m,[39m [35m1[39m][33m,[39m outputRange[33m:[39m [[35m1[39m[33m,[39m [35m1.08[39m[33m,[39m [35m1[39m] })
 [90m 60 |[39m     [36mreturn[39m (
[31m[1m>[22m[39m[90m 61 |[39m       [33m<[39m[33mAnimated[39m[33m.[39m[33mView[39m
 [90m    |[39m       [31m[1m^[22m[39m
 [90m 62 |[39m         pointerEvents[33m=[39m[32m"none"[39m
 [90m 63 |[39m         style[33m=[39m{{
 [90m 64 |[39m           position[33m:[39m [32m'absolute'[39m[33m,[39m[0m
Call Stack
  Orb (src\components\motion.tsx:61:7)
  AmbientBackground (src\components\motion.tsx:76:7)
  RootNav (app\_layout.tsx:107:7)
  RootLayout (app\_layout.tsx:137:13)
 ERROR  Style property 'left' is not supported by native animated module 

Code: motion.tsx
[0m [90m 59 |[39m     [36mconst[39m sc [33m=[39m val[33m.[39minterpolate({ inputRange[33m:[39m [[35m0[39m[33m,[39m [35m0.5[39m[33m,[39m [35m1[39m][33m,[39m outputRange[33m:[39m [[35m1[39m[33m,[39m [35m1.08[39m[33m,[39m [35m1[39m] })
 [90m 60 |[39m     [36mreturn[39m (
[31m[1m>[22m[39m[90m 61 |[39m       [33m<[39m[33mAnimated[39m[33m.[39m[33mView[39m
 [90m    |[39m       [31m[1m^[22m[39m
 [90m 62 |[39m         pointerEvents[33m=[39m[32m"none"[39m
 [90m 63 |[39m         style[33m=[39m{{
 [90m 64 |[39m           position[33m:[39m [32m'absolute'[39m[33m,[39m[0m
Call Stack
  Orb (src\components\motion.tsx:61:7)
  AmbientBackground (src\components\motion.tsx:77:7)
  RootNav (app\_layout.tsx:107:7)
  RootLayout (app\_layout.tsx:137:13)
 ERROR  Style property 'top' is not supported by native animated module 

Code: motion.tsx
[0m [90m 59 |[39m     [36mconst[39m sc [33m=[39m val[33m.[39minterpolate({ inputRange[33m:[39m [[35m0[39m[33m,[39m [35m0.5[39m[33m,[39m [35m1[39m][33m,[39m outputRange[33m:[39m [[35m1[39m[33m,[39m [35m1.08[39m[33m,[39m [35m1[39m] })
 [90m 60 |[39m     [36mreturn[39m (
[31m[1m>[22m[39m[90m 61 |[39m       [33m<[39m[33mAnimated[39m[33m.[39m[33mView[39m
 [90m    |[39m       [31m[1m^[22m[39m
 [90m 62 |[39m         pointerEvents[33m=[39m[32m"none"[39m
 [90m 63 |[39m         style[33m=[39m{{
 [90m 64 |[39m           position[33m:[39m [32m'absolute'[39m[33m,[39m[0m
Call Stack
  Orb (src\components\motion.tsx:61:7)
  AmbientBackground (src\components\motion.tsx:77:7)
  RootNav (app\_layout.tsx:107:7)
  RootLayout (app\_layout.tsx:137:13)
 ERROR  Style property 'top' is not supported by native animated module 

Code: motion.tsx
[0m [90m 87 |[39m       [33m<[39m[33m/[39m[33mAnimated[39m[33m.[39m[33mView[39m[33m>[39m
 [90m 88 |[39m
[31m[1m>[22m[39m[90m 89 |[39m       [33m<[39m[33mAnimated[39m[33m.[39m[33mView[39m
 [90m    |[39m       [31m[1m^[22m[39m
 [90m 90 |[39m         style[33m=[39m{{
 [90m 91 |[39m           position[33m:[39m [32m'absolute'[39m[33m,[39m left[33m:[39m [35m0[39m[33m,[39m right[33m:[39m [35m0[39m[33m,[39m top[33m:[39m scanY[33m,[39m height[33m:[39m [35m2[39m[33m,[39m
 [90m 92 |[39m           backgroundColor[33m:[39m withAlpha(c[33m.[39maccent[33m,[39m theme[33m.[39mdark [33m?[39m [35m0.05[39m [33m:[39m [35m0.04[39m)[33m,[39m[0m
Call Stack
  AmbientBackground (src\components\motion.tsx:89:7)
  RootNav (app\_layout.tsx:107:7)
  RootLayout (app\_layout.tsx:137:13)
 ERROR  Style property 'left' is not supported by native animated module 

Code: motion.tsx
[0m [90m 59 |[39m     [36mconst[39m sc [33m=[39m val[33m.[39minterpolate({ inputRange[33m:[39m [[35m0[39m[33m,[39m [35m0.5[39m[33m,[39m [35m1[39m][33m,[39m outputRange[33m:[39m [[35m1[39m[33m,[39m [35m1.08[39m[33m,[39m [35m1[39m] })
 [90m 60 |[39m     [36mreturn[39m (
[31m[1m>[22m[39m[90m 61 |[39m       [33m<[39m[33mAnimated[39m[33m.[39m[33mView[39m
 [90m    |[39m       [31m[1m^[22m[39m
 [90m 62 |[39m         pointerEvents[33m=[39m[32m"none"[39m
 [90m 63 |[39m         style[33m=[39m{{
 [90m 64 |[39m           position[33m:[39m [32m'absolute'[39m[33m,[39m[0m
Call Stack
  Orb (src\components\motion.tsx:61:7)
  AmbientBackground (src\components\motion.tsx:78:7)
  RootNav (app\_layout.tsx:107:7)
  RootLayout (app\_layout.tsx:137:13)
 ERROR  Style property 'top' is not supported by native animated module 

Code: motion.tsx
[0m [90m 59 |[39m     [36mconst[39m sc [33m=[39m val[33m.[39minterpolate({ inputRange[33m:[39m [[35m0[39m[33m,[39m [35m0.5[39m[33m,[39m [35m1[39m][33m,[39m outputRange[33m:[39m [[35m1[39m[33m,[39m [35m1.08[39m[33m,[39m [35m1[39m] })
 [90m 60 |[39m     [36mreturn[39m (
[31m[1m>[22m[39m[90m 61 |[39m       [33m<[39m[33mAnimated[39m[33m.[39m[33mView[39m
 [90m    |[39m       [31m[1m^[22m[39m
 [90m 62 |[39m         pointerEvents[33m=[39m[32m"none"[39m
 [90m 63 |[39m         style[33m=[39m{{
 [90m 64 |[39m           position[33m:[39m [32m'absolute'[39m[33m,[39m[0m
Call Stack
  Orb (src\components\motion.tsx:61:7)
  AmbientBackground (src\components\motion.tsx:78:7)
  RootNav (app\_layout.tsx:107:7)
  RootLayout (app\_layout.tsx:137:13)
 ERROR  Style property 'top' is not supported by native animated module 

Code: motion.tsx
[0m [90m 83 |[39m         ))}
 [90m 84 |[39m         {[33mArray[39m[33m.[39m[36mfrom[39m({ length[33m:[39m rows })[33m.[39mmap((_[33m,[39m i) [33m=>[39m (
[31m[1m>[22m[39m[90m 85 |[39m           [33m<[39m[33mView[39m key[33m=[39m{[32m`h${i}`[39m} style[33m=[39m{{ position[33m:[39m [32m'absolute'[39m[33m,[39m top[33m:[39m i [33m*[39m [33mCELL[39m[33m,[39m left[33m:[39m [33m-[39m[33mCELL[39m[33m,[39m right[33m:[39m [33m-[39m[33mCELL[39m[33m,[39m height[33m:[39m [35m1[39m[33m,[39m backgroundColor[33m:[39m gridLine }} [33m/[39m[33m>[39m
 [90m    |[39m                                                                                                                 [31m[1m^[22m[39m
 [90m 86 |[39m         ))}
 [90m 87 |[39m       [33m<[39m[33m/[39m[33mAnimated[39m[33m.[39m[33mView[39m[33m>[39m
 [90m 88 |[39m[0m
Call Stack
  Array.from.map$argument_0 (src\components\motion.tsx:85:113)
  RootNav (app\_layout.tsx:104:27)
  RootLayout (app\_layout.tsx:133:6)
 ERROR  Style property 'top' is not supported by native animated module 

Code: motion.tsx
[0m [90m 83 |[39m         ))}
 [90m 84 |[39m         {[33mArray[39m[33m.[39m[36mfrom[39m({ length[33m:[39m rows })[33m.[39mmap((_[33m,[39m i) [33m=>[39m (
[31m[1m>[22m[39m[90m 85 |[39m           [33m<[39m[33mView[39m key[33m=[39m{[32m`h${i}`[39m} style[33m=[39m{{ position[33m:[39m [32m'absolute'[39m[33m,[39m top[33m:[39m i [33m*[39m [33mCELL[39m[33m,[39m left[33m:[39m [33m-[39m[33mCELL[39m[33m,[39m right[33m:[39m [33m-[39m[33mCELL[39m[33m,[39m height[33m:[39m [35m1[39m[33m,[39m backgroundColor[33m:[39m gridLine }} [33m/[39m[33m>[39m
 [90m    |[39m                                                                                                                 [31m[1m^[22m[39m
 [90m 86 |[39m         ))}
 [90m 87 |[39m       [33m<[39m[33m/[39m[33mAnimated[39m[33m.[39m[33mView[39m[33m>[39m
 [90m 88 |[39m[0m
Call Stack
  Array.from.map$argument_0 (src\components\motion.tsx:85:113)
  <anonymous> (app\_layout.tsx:100:21)
  RootNav (app\_layout.tsx:76:31)
Android Bundled 45ms node_modules\expo-router\entry.js (1 module)
Android Bundled 49ms node_modules\expo-router\entry.js (1 module)
Android Bundled 53ms node_modules\expo-router\entry.js (1 module)
Android Bundled 46ms node_modules\expo-router\entry.js (1 module)
 INFO  Launching DevTools...
[debugger-shell stdout] 

Android Bundled 1435ms node_modules\expo-router\entry.js (1 module)
Android Bundled 68ms node_modules\expo-router\entry.js (1 module)
Android Bundled 91ms node_modules\expo-router\entry.js (1 module)
Android Bundled 48ms node_modules\expo-router\entry.js (1 module)
Android Bundled 196ms node_modules\expo-router\entry.js (1 module)
Android Bundled 47ms node_modules\expo-router\entry.js (1 module)
Android Bundled 156ms node_modules\expo-router\entry.js (1 module)
Android Bundled 46ms node_modules\expo-router\entry.js (1 module)
Android Bundled 50ms node_modules\expo-router\entry.js (1 module)
Android Bundled 47ms node_modules\expo-router\entry.js (1 module)
Android Bundled 823ms node_modules\expo-router\entry.js (1 module)
Android Bundled 44ms node_modules\expo-router\entry.js (1 module)
Android Bundled 742ms node_modules\expo-router\entry.js (1 module)
Android Bundled 49ms node_modules\expo-router\entry.js (1 module)
